                                      1 ;--------------------------------------------------------
                                      2 ; File Created by SDCC : free open source ANSI-C Compiler
                                      3 ; Version 4.1.6 #12439 (Linux)
                                      4 ;--------------------------------------------------------
                                      5 	.module game
                                      6 	.optsdcc -mgbz80
                                      7 	
                                      8 ;--------------------------------------------------------
                                      9 ; Public variables in this module
                                     10 ;--------------------------------------------------------
                                     11 	.globl _main
                                     12 	.globl _draw
                                     13 	.globl _logic
                                     14 	.globl _input
                                     15 	.globl _set_sprite_data
                                     16 	.globl _heart
                                     17 ;--------------------------------------------------------
                                     18 ; special function registers
                                     19 ;--------------------------------------------------------
                                     20 ;--------------------------------------------------------
                                     21 ; ram data
                                     22 ;--------------------------------------------------------
                                     23 	.area _DATA
                                     24 ;--------------------------------------------------------
                                     25 ; ram data
                                     26 ;--------------------------------------------------------
                                     27 	.area _INITIALIZED
      000000                         28 _heart::
      000000                         29 	.ds 16
                                     30 ;--------------------------------------------------------
                                     31 ; absolute external ram data
                                     32 ;--------------------------------------------------------
                                     33 	.area _DABS (ABS)
                                     34 ;--------------------------------------------------------
                                     35 ; global & static initialisations
                                     36 ;--------------------------------------------------------
                                     37 	.area _HOME
                                     38 	.area _GSINIT
                                     39 	.area _GSFINAL
                                     40 	.area _GSINIT
                                     41 ;--------------------------------------------------------
                                     42 ; Home
                                     43 ;--------------------------------------------------------
                                     44 	.area _HOME
                                     45 	.area _HOME
                                     46 ;--------------------------------------------------------
                                     47 ; code
                                     48 ;--------------------------------------------------------
                                     49 	.area _CODE
                                     50 ;game.c:15: void input() {
                                     51 ;	---------------------------------
                                     52 ; Function input
                                     53 ; ---------------------------------
      000000                         54 _input::
                                     55 ;game.c:18: }
      000000 C9                      56 	ret
                                     57 ;game.c:20: void logic() {
                                     58 ;	---------------------------------
                                     59 ; Function logic
                                     60 ; ---------------------------------
      000001                         61 _logic::
                                     62 ;game.c:23: }
      000001 C9                      63 	ret
                                     64 ;game.c:25: void draw() {
                                     65 ;	---------------------------------
                                     66 ; Function draw
                                     67 ; ---------------------------------
      000002                         68 _draw::
                                     69 ;game.c:29: set_sprite_data(0, 1, heart);
      000002 11r00r00                70 	ld	de, #_heart
      000005 D5                      71 	push	de
      000006 AF                      72 	xor	a, a
      000007 3C                      73 	inc	a
      000008 F5                      74 	push	af
      000009 CDr00r00                75 	call	_set_sprite_data
      00000C E8 04                   76 	add	sp, #4
                                     77 ;/home/brandanc/Downloads/gbdk/include/gb/gb.h:1174: shadow_OAM[nb].tile=tile;
      00000E 21r02r00                78 	ld	hl, #(_shadow_OAM + 2)
      000011 36 00                   79 	ld	(hl), #0x00
                                     80 ;/home/brandanc/Downloads/gbdk/include/gb/gb.h:1247: OAM_item_t * itm = &shadow_OAM[nb];
      000013 21r00r00                81 	ld	hl, #_shadow_OAM
                                     82 ;/home/brandanc/Downloads/gbdk/include/gb/gb.h:1248: itm->y=y, itm->x=x;
      000016 3E 48                   83 	ld	a, #0x48
      000018 22                      84 	ld	(hl+), a
      000019 36 50                   85 	ld	(hl), #0x50
                                     86 ;game.c:35: SHOW_SPRITES;
      00001B F0r00                   87 	ldh	a, (_LCDC_REG + 0)
      00001D F6 02                   88 	or	a, #0x02
      00001F E0r00                   89 	ldh	(_LCDC_REG + 0), a
                                     90 ;game.c:36: }
      000021 C9                      91 	ret
                                     92 ;game.c:38: void main() {
                                     93 ;	---------------------------------
                                     94 ; Function main
                                     95 ; ---------------------------------
      000022                         96 _main::
                                     97 ;game.c:39: draw();
                                     98 ;game.c:40: }
      000022 C3r02r00                99 	jp	_draw
                                    100 	.area _CODE
                                    101 	.area _INITIALIZER
      000000                        102 __xinit__heart:
      000000 66                     103 	.db #0x66	; 102	'f'
      000001 66                     104 	.db #0x66	; 102	'f'
      000002 99                     105 	.db #0x99	; 153
      000003 FF                     106 	.db #0xff	; 255
      000004 81                     107 	.db #0x81	; 129
      000005 FF                     108 	.db #0xff	; 255
      000006 81                     109 	.db #0x81	; 129
      000007 FF                     110 	.db #0xff	; 255
      000008 42                     111 	.db #0x42	; 66	'B'
      000009 7E                     112 	.db #0x7e	; 126
      00000A 24                     113 	.db #0x24	; 36
      00000B 3C                     114 	.db #0x3c	; 60
      00000C 18                     115 	.db #0x18	; 24
      00000D 18                     116 	.db #0x18	; 24
      00000E 00                     117 	.db #0x00	; 0
      00000F 00                     118 	.db #0x00	; 0
                                    119 	.area _CABS (ABS)
